BL51 BANKED LINKER/LOCATER V6.22.2.0                                                    05/19/2022  17:39:47  PAGE 1


BL51 BANKED LINKER/LOCATER V6.22.2.0, INVOKED BY:
D:\KEIL\C51\BIN\BL51.EXE .\Objects\TEST.obj TO .\Objects\MOTOR_TEST PRINT (.\Listings\MOTOR_TEST.m51) RAMSIZE (256)


INPUT MODULES INCLUDED:
  .\Objects\TEST.obj (TEST)


LINK MAP OF MODULE:  .\Objects\MOTOR_TEST (TEST)


            TYPE    BASE      LENGTH    RELOCATION   SEGMENT NAME
            -----------------------------------------------------

            * * * * * * *   D A T A   M E M O R Y   * * * * * * *
            REG     0000H     0008H     ABSOLUTE     "REG BANK 0"

            * * * * * * *   C O D E   M E M O R Y   * * * * * * *
            CODE    0000H     0031H     ABSOLUTE     



SYMBOL TABLE OF MODULE:  .\Objects\MOTOR_TEST (TEST)

  VALUE           TYPE          NAME
  ----------------------------------

  -------         MODULE        TEST
  C:0024H         SYMBOL        DELAY
  C:000EH         SYMBOL        DELAY500US
  C:0000H         SYMBOL        MAIN
  C:0019H         SYMBOL        NEXT
  C:0029H         SYMBOL        NEXT1
  D:0090H         SYMBOL        P1
  C:0000H         LINE#         3
  C:0002H         LINE#         4
  C:0005H         LINE#         5
  C:0007H         LINE#         6
  C:000AH         LINE#         7
  C:000CH         LINE#         8
  C:000EH         LINE#         11
  C:000FH         LINE#         12
  C:0011H         LINE#         13
  C:0013H         LINE#         14
  C:0016H         LINE#         15
  C:0019H         LINE#         17
  C:001CH         LINE#         18
  C:001FH         LINE#         19
  C:0021H         LINE#         20
  C:0023H         LINE#         21
  C:0024H         LINE#         24
  C:0026H         LINE#         25
  C:0029H         LINE#         27
  C:002CH         LINE#         28
  C:002EH         LINE#         29
  C:0030H         LINE#         30
  -------         ENDMOD        TEST

BL51 BANKED LINKER/LOCATER V6.22.2.0                                                  05/19/2022  17:39:47  PAGE 2


Program Size: data=8.0 xdata=0 code=49
LINK/LOCATE RUN COMPLETE.  0 WARNING(S),  0 ERROR(S)
