BL51 BANKED LINKER/LOCATER V6.22.2.0                                                    05/23/2022  19:54:58  PAGE 1


BL51 BANKED LINKER/LOCATER V6.22.2.0, INVOKED BY:
D:\KEIL\C51\BIN\BL51.EXE .\Objects\TEMPRATURE-TEST.obj TO .\Objects\temperature sensing-TEST PRINT (.\Listings\temperatu
>> re sensing-TEST.m51) RAMSIZE (256)


INPUT MODULES INCLUDED:
  .\Objects\TEMPRATURE-TEST.obj (TEMPRATURE_TEST)


LINK MAP OF MODULE:  .\Objects\temperature sensing-TEST (TEMPRATURE_TEST)


            TYPE    BASE      LENGTH    RELOCATION   SEGMENT NAME
            -----------------------------------------------------

            * * * * * * *   D A T A   M E M O R Y   * * * * * * *
            REG     0000H     0008H     ABSOLUTE     "REG BANK 0"

            * * * * * * *   C O D E   M E M O R Y   * * * * * * *
            CODE    0000H     026CH     ABSOLUTE     



SYMBOL TABLE OF MODULE:  .\Objects\temperature sensing-TEST (TEMPRATURE_TEST)

  VALUE           TYPE          NAME
  ----------------------------------

  -------         MODULE        TEMPRATURE_TEST
  N:0035H         SYMBOL        ABIT
  D:00F0H         SYMBOL        B
  N:0036H         SYMBOL        BBIT
  N:0037H         SYMBOL        CBIT
  C:0196H         SYMBOL        CHANGE
  C:024FH         SYMBOL        DD
  C:024DH         SYMBOL        DELAY
  C:01EBH         SYMBOL        DIS0
  C:01EDH         SYMBOL        DIS1
  C:0203H         SYMBOL        DIS2
  C:0213H         SYMBOL        DIS3
  C:0226H         SYMBOL        DIS4
  C:0239H         SYMBOL        DIS5
  C:01D4H         SYMBOL        DISPLAY
  B:00B0H.4       SYMBOL        DQ
  B:00D0H.5       SYMBOL        F0
  C:0126H         SYMBOL        FBLCHANGE
  B:00D0H.5       SYMBOL        FLAG
  C:0134H         SYMBOL        GET_TEMP
  C:026AH         SYMBOL        LOOP
  C:0100H         SYMBOL        MAIN
  D:0080H         SYMBOL        P0
  D:00A0H         SYMBOL        P2
  D:00B0H         SYMBOL        P3
  C:0173H         SYMBOL        READ
  C:0177H         SYMBOL        REE0
  C:0179H         SYMBOL        REE1
  C:010BH         SYMBOL        RESET
  C:01C9H         SYMBOL        SL0
BL51 BANKED LINKER/LOCATER V6.22.2.0                                                  05/23/2022  19:54:58  PAGE 2


  C:01CCH         SYMBOL        SL5
  C:01B6H         SYMBOL        SN1
  C:0256H         SYMBOL        TAB
  C:0260H         SYMBOL        TAB1
  C:0112H         SYMBOL        TSR1
  C:0118H         SYMBOL        TSR2
  C:011DH         SYMBOL        TSR3
  C:0121H         SYMBOL        TSR4
  C:013DH         SYMBOL        TSS2
  C:015EH         SYMBOL        WR1
  C:015BH         SYMBOL        WRITE
  C:0000H         LINE#         7
  C:0100H         LINE#         10
  C:0103H         LINE#         11
  C:0106H         LINE#         12
  C:0109H         LINE#         13
  C:010BH         LINE#         15
  C:010DH         LINE#         16
  C:010EH         LINE#         17
  C:0110H         LINE#         18
  C:0112H         LINE#         20
  C:0114H         LINE#         21
  C:0116H         LINE#         22
  C:0118H         LINE#         23
  C:011BH         LINE#         24
  C:011DH         LINE#         25
  C:011FH         LINE#         26
  C:0121H         LINE#         27
  C:0123H         LINE#         28
  C:0125H         LINE#         29
  C:0126H         LINE#         34
  C:0129H         LINE#         35
  C:012BH         LINE#         36
  C:012EH         LINE#         37
  C:0130H         LINE#         38
  C:0133H         LINE#         39
  C:0134H         LINE#         44
  C:0136H         LINE#         45
  C:0139H         LINE#         46
  C:013CH         LINE#         47
  C:013DH         LINE#         49
  C:013FH         LINE#         50
  C:0142H         LINE#         51
  C:0144H         LINE#         52
  C:0147H         LINE#         53
  C:014AH         LINE#         54
  C:014DH         LINE#         55
  C:014FH         LINE#         56
  C:0152H         LINE#         57
  C:0154H         LINE#         58
  C:0157H         LINE#         59
  C:015AH         LINE#         60
  C:015BH         LINE#         65
  C:015DH         LINE#         66
  C:015EH         LINE#         67
  C:0160H         LINE#         68
  C:0162H         LINE#         69
BL51 BANKED LINKER/LOCATER V6.22.2.0                                                  05/23/2022  19:54:58  PAGE 3


  C:0164H         LINE#         70
  C:0165H         LINE#         71
  C:0167H         LINE#         72
  C:0169H         LINE#         73
  C:016BH         LINE#         74
  C:016DH         LINE#         75
  C:016EH         LINE#         76
  C:0170H         LINE#         77
  C:0172H         LINE#         78
  C:0173H         LINE#         82
  C:0175H         LINE#         83
  C:0177H         LINE#         84
  C:0179H         LINE#         85
  C:017AH         LINE#         86
  C:017BH         LINE#         87
  C:017CH         LINE#         88
  C:017DH         LINE#         89
  C:017FH         LINE#         90
  C:0180H         LINE#         91
  C:0181H         LINE#         92
  C:0182H         LINE#         93
  C:0184H         LINE#         94
  C:0186H         LINE#         95
  C:0188H         LINE#         96
  C:018AH         LINE#         97
  C:018CH         LINE#         98
  C:018EH         LINE#         99
  C:018FH         LINE#         100
  C:0191H         LINE#         101
  C:0192H         LINE#         102
  C:0193H         LINE#         103
  C:0195H         LINE#         104
  C:0196H         LINE#         110
  C:0198H         LINE#         111
  C:019BH         LINE#         112
  C:019EH         LINE#         113
  C:01A1H         LINE#         114
  C:01A3H         LINE#         115
  C:01A5H         LINE#         116
  C:01A7H         LINE#         117
  C:01A8H         LINE#         118
  C:01AAH         LINE#         119
  C:01ACH         LINE#         120
  C:01ADH         LINE#         121
  C:01AEH         LINE#         122
  C:01B0H         LINE#         123
  C:01B3H         LINE#         124
  C:01B6H         LINE#         125
  C:01B8H         LINE#         126
  C:01B9H         LINE#         127
  C:01BBH         LINE#         128
  C:01BCH         LINE#         129
  C:01BEH         LINE#         130
  C:01BFH         LINE#         131
  C:01C1H         LINE#         132
  C:01C2H         LINE#         133
  C:01C4H         LINE#         134
BL51 BANKED LINKER/LOCATER V6.22.2.0                                                  05/23/2022  19:54:58  PAGE 4


  C:01C7H         LINE#         135
  C:01C9H         LINE#         136
  C:01CCH         LINE#         137
  C:01CEH         LINE#         138
  C:01D1H         LINE#         139
  C:01D4H         LINE#         144
  C:01D6H         LINE#         145
  C:01D9H         LINE#         146
  C:01DAH         LINE#         147
  C:01DDH         LINE#         148
  C:01E0H         LINE#         149
  C:01E1H         LINE#         150
  C:01E4H         LINE#         152
  C:01E6H         LINE#         153
  C:01E8H         LINE#         154
  C:01EBH         LINE#         155
  C:01EDH         LINE#         156
  C:01EFH         LINE#         157
  C:01F1H         LINE#         158
  C:01F3H         LINE#         159
  C:01F5H         LINE#         160
  C:01F6H         LINE#         161
  C:01F8H         LINE#         162
  C:01FAH         LINE#         163
  C:01FCH         LINE#         164
  C:01FEH         LINE#         165
  C:0201H         LINE#         166
  C:0203H         LINE#         167
  C:0205H         LINE#         168
  C:0207H         LINE#         169
  C:0208H         LINE#         170
  C:020AH         LINE#         171
  C:020CH         LINE#         172
  C:020EH         LINE#         173
  C:0210H         LINE#         174
  C:0213H         LINE#         175
  C:0215H         LINE#         176
  C:0218H         LINE#         177
  C:0219H         LINE#         178
  C:021BH         LINE#         179
  C:021DH         LINE#         180
  C:021FH         LINE#         181
  C:0221H         LINE#         182
  C:0223H         LINE#         183
  C:0226H         LINE#         184
  C:0228H         LINE#         185
  C:022BH         LINE#         186
  C:022CH         LINE#         187
  C:022EH         LINE#         188
  C:0230H         LINE#         189
  C:0232H         LINE#         190
  C:0234H         LINE#         191
  C:0236H         LINE#         192
  C:0239H         LINE#         193
  C:023BH         LINE#         194
  C:023EH         LINE#         196
  C:023FH         LINE#         197
BL51 BANKED LINKER/LOCATER V6.22.2.0                                                  05/23/2022  19:54:58  PAGE 5


  C:0241H         LINE#         198
  C:0243H         LINE#         199
  C:0245H         LINE#         200
  C:0247H         LINE#         201
  C:0249H         LINE#         202
  C:024CH         LINE#         203
  C:024DH         LINE#         207
  C:024FH         LINE#         208
  C:0251H         LINE#         209
  C:0253H         LINE#         210
  C:0255H         LINE#         211
  C:026AH         LINE#         220
  -------         ENDMOD        TEMPRATURE_TEST

Program Size: data=8.0 xdata=0 code=620
LINK/LOCATE RUN COMPLETE.  0 WARNING(S),  0 ERROR(S)
