BL51 BANKED LINKER/LOCATER V6.22.2.0                                                    04/19/2022  21:39:13  PAGE 1


BL51 BANKED LINKER/LOCATER V6.22.2.0, INVOKED BY:
D:\KEIL\C51\BIN\BL51.EXE .\Objects\TEST1.obj TO .\Objects\TEST1 PRINT (.\Listings\TEST1.m51) RAMSIZE (256)


INPUT MODULES INCLUDED:
  .\Objects\TEST1.obj (TEST1)


LINK MAP OF MODULE:  .\Objects\TEST1 (TEST1)


            TYPE    BASE      LENGTH    RELOCATION   SEGMENT NAME
            -----------------------------------------------------

            * * * * * * *   D A T A   M E M O R Y   * * * * * * *
            REG     0000H     0008H     ABSOLUTE     "REG BANK 0"

            * * * * * * *   C O D E   M E M O R Y   * * * * * * *
            CODE    0000H     003AH     ABSOLUTE     



SYMBOL TABLE OF MODULE:  .\Objects\TEST1 (TEST1)

  VALUE           TYPE          NAME
  ----------------------------------

  -------         MODULE        TEST1
  B:0090H.0       SYMBOL        KEY
  B:00A0H.0       SYMBOL        LED
  C:0030H         SYMBOL        MAIN
  D:0090H         SYMBOL        P1
  D:00A0H         SYMBOL        P2
  C:0000H         LINE#         4
  C:0030H         LINE#         7
  C:0033H         LINE#         8
  C:0036H         LINE#         9
  C:0038H         LINE#         10
  -------         ENDMOD        TEST1

Program Size: data=8.0 xdata=0 code=58
LINK/LOCATE RUN COMPLETE.  0 WARNING(S),  0 ERROR(S)
