BL51 BANKED LINKER/LOCATER V6.22.2.0                                                    04/27/2022  13:26:48  PAGE 1


BL51 BANKED LINKER/LOCATER V6.22.2.0, INVOKED BY:
D:\KEIL\C51\BIN\BL51.EXE .\Objects\TEST FLOW LIGHT.obj TO .\Objects\TEST FLOW LIGHT PRINT (.\Listings\TEST FLOW LIGHT.m5
>> 1) RAMSIZE (256)


INPUT MODULES INCLUDED:
  .\Objects\TEST FLOW LIGHT.obj (TEST_FLOW_LIGHT)


LINK MAP OF MODULE:  .\Objects\TEST FLOW LIGHT (TEST_FLOW_LIGHT)


            TYPE    BASE      LENGTH    RELOCATION   SEGMENT NAME
            -----------------------------------------------------

            * * * * * * *   D A T A   M E M O R Y   * * * * * * *
            REG     0000H     0008H     ABSOLUTE     "REG BANK 0"

            * * * * * * *   C O D E   M E M O R Y   * * * * * * *
            CODE    0000H     102EH     ABSOLUTE     



SYMBOL TABLE OF MODULE:  .\Objects\TEST FLOW LIGHT (TEST_FLOW_LIGHT)

  VALUE           TYPE          NAME
  ----------------------------------

  -------         MODULE        TEST_FLOW_LIGHT
  B:00A8H.7       SYMBOL        EA
  B:00A8H.1       SYMBOL        ET0
  C:1020H         SYMBOL        LOOP
  C:1000H         SYMBOL        MAIN
  D:00A0H         SYMBOL        P2
  C:1025H         SYMBOL        RELOAD
  B:0088H.5       SYMBOL        TF0
  D:008CH         SYMBOL        TH0
  D:008AH         SYMBOL        TL0
  D:0089H         SYMBOL        TMOD
  B:0088H.4       SYMBOL        TR0
  C:0000H         LINE#         2
  C:000BH         LINE#         4
  C:1000H         LINE#         7
  C:1003H         LINE#         8
  C:1006H         LINE#         9
  C:1009H         LINE#         10
  C:100BH         LINE#         11
  C:100DH         LINE#         12
  C:100FH         LINE#         13
  C:1011H         LINE#         14
  C:1014H         LINE#         15
  C:1017H         LINE#         16
  C:101AH         LINE#         17
  C:101DH         LINE#         18
  C:1020H         LINE#         20
  C:1022H         LINE#         21
  C:1024H         LINE#         22
  C:1025H         LINE#         24
BL51 BANKED LINKER/LOCATER V6.22.2.0                                                  04/27/2022  13:26:48  PAGE 2


  C:1028H         LINE#         25
  C:102BH         LINE#         26
  C:102DH         LINE#         27
  -------         ENDMOD        TEST_FLOW_LIGHT

Program Size: data=8.0 xdata=0 code=4142
LINK/LOCATE RUN COMPLETE.  0 WARNING(S),  0 ERROR(S)
